// Jest Snapshot v1, https://goo.gl/fbAQLP

exports[`EmailForm renders correctly 1`] = `
<div
  className="w-100 bg-light-gray pa3"
>
  <div
    className="mb4"
  >
    <span
      className="f3 tc db display dark-gray mb2"
    >
      Subscribe For More
    </span>
    <span
      className="f5 tc db serif lh-copy"
    >
      Get updates delivered weekly!
    </span>
  </div>
  <form
    action="www.mailchimp.com"
    className="w-100 db flex flex-wrap items-center justify-around"
    method="POST"
  >
    <input
      className="ba b--dark-gray bg-white pa2 sans-serif w-100 mb2"
      name="EMAIL"
      placeholder="Your Email"
      type="email"
    />
    <input
      className="dn"
      name="token"
      tabIndex="-1"
      type="text"
      value=""
    />
    <button
      className="ba b--dark-gray bg-dark-gray near-white sans-serif tracked ttu pv2 w-100 pointer"
      type="submit"
    >
      Sign Up
    </button>
  </form>
</div>
`;
